// SYNTAX TEST "source.ballerina" "function highlighting testcase"

> public function main() {
//^^^^^^ source.ballerina meta.function.ballerina keyword.other.ballerina
//      ^ source.ballerina meta.function.ballerina
//       ^^^^^^^^ source.ballerina meta.function.ballerina keyword.other.ballerina
//               ^ source.ballerina meta.function.ballerina
//                ^^^^ source.ballerina meta.function.ballerina meta.definition.function.ballerina entity.name.function.ballerina
//                    ^ source.ballerina meta.function.ballerina meta.parameters.ballerina punctuation.definition.parameters.begin.ballerina
//                     ^ source.ballerina meta.function.ballerina meta.parameters.ballerina punctuation.definition.parameters.end.ballerina
//                      ^ source.ballerina meta.function.ballerina
//                       ^ source.ballerina meta.function.ballerina meta.block.ballerina punctuation.definition.block.ballerina
>     json j1 = {"a": {
//^^^^ source.ballerina meta.function.ballerina meta.block.ballerina
//    ^^^^ source.ballerina meta.function.ballerina meta.block.ballerina meta.var.expr.ballerina support.type.primitive.ballerina
//        ^ source.ballerina meta.function.ballerina meta.block.ballerina meta.var.expr.ballerina
//         ^^ source.ballerina meta.function.ballerina meta.block.ballerina meta.var.expr.ballerina meta.var-single-variable.expr.ballerina meta.definition.variable.ballerina variable.other.readwrite.ballerina
//           ^ source.ballerina meta.function.ballerina meta.block.ballerina meta.var.expr.ballerina meta.var-single-variable.expr.ballerina
//            ^ source.ballerina meta.function.ballerina meta.block.ballerina meta.var.expr.ballerina keyword.operator.assignment.ballerina
//             ^ source.ballerina meta.function.ballerina meta.block.ballerina meta.var.expr.ballerina
//              ^ source.ballerina meta.function.ballerina meta.block.ballerina meta.var.expr.ballerina meta.objectliteral.ballerina punctuation.definition.block.ballerina
//               ^ source.ballerina meta.function.ballerina meta.block.ballerina meta.var.expr.ballerina meta.objectliteral.ballerina string.begin.ballerina
//                ^ source.ballerina meta.function.ballerina meta.block.ballerina meta.var.expr.ballerina meta.objectliteral.ballerina string
//                 ^ source.ballerina meta.function.ballerina meta.block.ballerina meta.var.expr.ballerina meta.objectliteral.ballerina string.end.ballerina
//                  ^ source.ballerina meta.function.ballerina meta.block.ballerina meta.var.expr.ballerina meta.objectliteral.ballerina meta.type.annotation.ballerina keyword.operator.type.annotation.ballerina
//                   ^^ source.ballerina meta.function.ballerina meta.block.ballerina meta.var.expr.ballerina meta.objectliteral.ballerina meta.type.annotation.ballerina
>         "b": 1
//^^^^^^^^ source.ballerina meta.function.ballerina meta.block.ballerina meta.var.expr.ballerina meta.objectliteral.ballerina
//        ^ source.ballerina meta.function.ballerina meta.block.ballerina meta.var.expr.ballerina meta.objectliteral.ballerina string.begin.ballerina
//         ^ source.ballerina meta.function.ballerina meta.block.ballerina meta.var.expr.ballerina meta.objectliteral.ballerina string
//          ^ source.ballerina meta.function.ballerina meta.block.ballerina meta.var.expr.ballerina meta.objectliteral.ballerina string.end.ballerina
//           ^ source.ballerina meta.function.ballerina meta.block.ballerina meta.var.expr.ballerina meta.objectliteral.ballerina meta.type.annotation.ballerina keyword.operator.type.annotation.ballerina
//            ^ source.ballerina meta.function.ballerina meta.block.ballerina meta.var.expr.ballerina meta.objectliteral.ballerina meta.type.annotation.ballerina
//             ^ source.ballerina meta.function.ballerina meta.block.ballerina meta.var.expr.ballerina meta.objectliteral.ballerina meta.type.annotation.ballerina constant.numeric.decimal.ballerina
>     }, "hr": ""};
//^^^^ source.ballerina meta.function.ballerina meta.block.ballerina meta.var.expr.ballerina meta.objectliteral.ballerina
//    ^ source.ballerina meta.function.ballerina meta.block.ballerina meta.var.expr.ballerina meta.objectliteral.ballerina punctuation.definition.block.ballerina
//     ^ source.ballerina meta.function.ballerina meta.block.ballerina meta.var.expr.ballerina punctuation.separator.comma.ballerina
//      ^ source.ballerina meta.function.ballerina meta.block.ballerina meta.var.expr.ballerina
//       ^ source.ballerina meta.function.ballerina meta.block.ballerina meta.var.expr.ballerina string.quoted.double.ballerina punctuation.definition.string.begin.ballerina
//        ^^ source.ballerina meta.function.ballerina meta.block.ballerina meta.var.expr.ballerina string.quoted.double.ballerina
//          ^ source.ballerina meta.function.ballerina meta.block.ballerina meta.var.expr.ballerina string.quoted.double.ballerina punctuation.definition.string.end.ballerina
//           ^ source.ballerina meta.function.ballerina meta.block.ballerina meta.var.expr.ballerina meta.type.annotation.ballerina keyword.operator.type.annotation.ballerina
//            ^ source.ballerina meta.function.ballerina meta.block.ballerina meta.var.expr.ballerina meta.type.annotation.ballerina
//             ^ source.ballerina meta.function.ballerina meta.block.ballerina meta.var.expr.ballerina meta.type.annotation.ballerina string.quoted.double.ballerina punctuation.definition.string.begin.ballerina
//              ^ source.ballerina meta.function.ballerina meta.block.ballerina meta.var.expr.ballerina meta.type.annotation.ballerina string.quoted.double.ballerina punctuation.definition.string.end.ballerina
//               ^ source.ballerina meta.function.ballerina meta.block.ballerina punctuation.definition.block.ballerina
//                ^ source.ballerina punctuation.terminator.statement.ballerina
> }
//^^ source.ballerina
> 
