// SYNTAX TEST "source.ballerina" "semtype/tests/data/error2.bal highlighting testcase"

> // E<:Cloneable
//^^^^^^^^^^^^^^^ source.ballerina comment.ballerina
> // E<:EM
//^^^^^^^^ source.ballerina comment.ballerina
> // E<:ER
//^^^^^^^^ source.ballerina comment.ballerina
> // EM<:Cloneable
//^^^^^^^^^^^^^^^^ source.ballerina comment.ballerina
> // EM<:E
//^^^^^^^^ source.ballerina comment.ballerina
> // EM<:ER
//^^^^^^^^^ source.ballerina comment.ballerina
> // ER<:Cloneable
//^^^^^^^^^^^^^^^^ source.ballerina comment.ballerina
> // ER<:E
//^^^^^^^^ source.ballerina comment.ballerina
> // ER<:EM
//^^^^^^^^^ source.ballerina comment.ballerina
> type E error;
//^^^^ source.ballerina keyword.other.ballerina
//    ^ source.ballerina
//     ^ source.ballerina entity.name.type.ballerina
//      ^ source.ballerina
//       ^^^^^ source.ballerina storage.type.ballerina
//            ^ source.ballerina punctuation.terminator.statement.ballerina
> type ER error<map<readonly>>;
//^^^^ source.ballerina keyword.other.ballerina
//    ^ source.ballerina
//     ^^ source.ballerina entity.name.type.ballerina
//       ^ source.ballerina
//        ^^^^^ source.ballerina storage.type.ballerina
//             ^ source.ballerina keyword.operator.ballerina
//              ^^^ source.ballerina storage.type.ballerina
//                 ^ source.ballerina keyword.operator.ballerina
//                  ^^^^^^^^ source.ballerina storage.type.ballerina
//                          ^ source.ballerina keyword.operator.ballerina
//                           ^ source.ballerina keyword.operator.ballerina
//                            ^ source.ballerina punctuation.terminator.statement.ballerina
> type Cloneable readonly|xml|Cloneable[]|map<Cloneable>;
//^^^^ source.ballerina keyword.other.ballerina
//    ^ source.ballerina
//     ^^^^^^^^^ source.ballerina entity.name.type.ballerina
//              ^ source.ballerina
//               ^^^^^^^^ source.ballerina storage.type.ballerina
//                       ^ source.ballerina keyword.operator.ballerina
//                        ^^^ source.ballerina support.type.primitive.ballerina
//                           ^ source.ballerina keyword.operator.ballerina
//                            ^^^^^^^^^ source.ballerina storage.type.ballerina
//                                     ^ source.ballerina meta.parameters.ballerina punctuation.definition.parameters.begin.ballerina
//                                      ^ source.ballerina meta.parameters.ballerina punctuation.definition.parameters.end.ballerina
//                                       ^ source.ballerina keyword.operator.ballerina
//                                        ^^^ source.ballerina storage.type.ballerina
//                                           ^ source.ballerina keyword.operator.ballerina
//                                            ^^^^^^^^^ source.ballerina
//                                                     ^ source.ballerina
//                                                      ^ source.ballerina punctuation.terminator.statement.ballerina
> type EM error<map<Cloneable>>;
//^^^^ source.ballerina keyword.other.ballerina
//    ^ source.ballerina
//     ^^ source.ballerina entity.name.type.ballerina
//       ^ source.ballerina
//        ^^^^^ source.ballerina storage.type.ballerina
//             ^ source.ballerina keyword.operator.ballerina
//              ^^^ source.ballerina storage.type.ballerina
//                 ^ source.ballerina keyword.operator.ballerina
//                  ^^^^^^^^^ source.ballerina
//                           ^^ source.ballerina
//                             ^ source.ballerina punctuation.terminator.statement.ballerina
> 
> 