// Jest Snapshot v1, https://goo.gl/fbAQLP

exports[`SamplesList renders properly 1`] = `
<div
  className="ui divided grid welcome-page"
>
  <div
    className="one column row welcome-navbar"
  >
    <div
      className="column"
    >
      <h3
        className="ui dividing header"
      >
        Ballerina Examples
      </h3>
      No Samples found in [BALLERINA_HOME]/examples folder.
    </div>
  </div>
  <div
    className="row welcome-content-wrapper"
  >
    <div
      className="sixteen wide computer sixteen wide mobile sixteen wide tablet column rightContainer"
    >
      <div
        className="ui grid"
      />
    </div>
  </div>
</div>
`;
